// Jest Snapshot v1, https://goo.gl/fbAQLP

exports[`Communication should display Communication screen 1`] = `
<DocumentFragment>
  <section
    class="ant-layout ant-layout-has-sider max-h-[calc(100vh-50px-50px)] overflow-y-scroll"
  >
    <main
      class="ant-layout-content"
    >
      <div
        class="px-10 py-10"
      >
        <div
          class="ant-row"
          style="margin: -5px -8px -5px -8px;"
        >
          <div
            class="ant-col ant-col-xs-12 ant-col-sm-12 ant-col-md-4"
            style="padding: 5px 8px 5px 8px;"
          >
            <span
              class="required"
            >
              Type
            </span>
          </div>
          <div
            class="ant-col ant-col-xs-12 ant-col-sm-12 ant-col-md-8"
            style="padding: 5px 8px 5px 8px;"
          >
            <div
              class="ant-select ant-select-single ant-select-show-arrow"
              style="min-width: 100%; max-width: 100%;"
            >
              <div
                class="ant-select-selector"
              >
                <span
                  class="ant-select-selection-search"
                >
                  <input
                    aria-activedescendant="rc_select_TEST_OR_SSR_list_0"
                    aria-autocomplete="list"
                    aria-controls="rc_select_TEST_OR_SSR_list"
                    aria-haspopup="listbox"
                    aria-owns="rc_select_TEST_OR_SSR_list"
                    autocomplete="off"
                    class="ant-select-selection-search-input"
                    id="rc_select_TEST_OR_SSR"
                    readonly=""
                    role="combobox"
                    style="opacity: 0;"
                    type="search"
                    unselectable="on"
                    value=""
                  />
                </span>
                <span
                  class="ant-select-selection-item"
                  title="SMS"
                >
                  SMS
                </span>
              </div>
              <span
                aria-hidden="true"
                class="ant-select-arrow"
                style="user-select: none;"
                unselectable="on"
              >
                <span
                  aria-label="down"
                  class="anticon anticon-down ant-select-suffix"
                  role="img"
                >
                  <svg
                    aria-hidden="true"
                    data-icon="down"
                    fill="currentColor"
                    focusable="false"
                    height="1em"
                    viewBox="64 64 896 896"
                    width="1em"
                  >
                    <path
                      d="M884 256h-75c-5.1 0-9.9 2.5-12.9 6.6L512 654.2 227.9 262.6c-3-4.1-7.8-6.6-12.9-6.6h-75c-6.5 0-10.3 7.4-6.5 12.7l352.6 486.1c12.8 17.6 39 17.6 51.7 0l352.6-486.1c3.9-5.3.1-12.7-6.4-12.7z"
                    />
                  </svg>
                </span>
              </span>
            </div>
          </div>
          <div
            class="ant-col ant-col-xs-12 ant-col-sm-12 ant-col-md-4"
            style="padding: 5px 8px 5px 8px;"
          >
            <span
              class="required"
            >
              Event name
            </span>
          </div>
          <div
            class="ant-col ant-col-xs-12 ant-col-sm-12 ant-col-md-8"
            style="padding: 5px 8px 5px 8px;"
          >
            <input
              class="ant-input"
              maxlength="30"
              placeholder="Enter event name"
              type="text"
              value=""
            />
          </div>
          <div
            class="ant-col ant-col-xs-12 ant-col-sm-12 ant-col-md-4"
            style="padding: 5px 8px 5px 8px;"
          >
            <span
              class="required"
            >
              Application Name
            </span>
          </div>
          <div
            class="ant-col ant-col-xs-12 ant-col-sm-12 ant-col-md-8"
            style="padding: 5px 8px 5px 8px;"
          >
            <input
              class="ant-input"
              maxlength="30"
              placeholder="Enter application name"
              type="text"
              value=""
            />
          </div>
          <div
            class="ant-col ant-col-xs-12 ant-col-sm-12 ant-col-md-4"
            style="padding: 5px 8px 5px 8px;"
          >
            <span
              class="required"
            >
              Enabled
            </span>
          </div>
          <div
            class="ant-col ant-col-xs-12 ant-col-sm-12 ant-col-md-8"
            style="padding: 5px 8px 5px 8px;"
          >
            <button
              aria-checked="false"
              class="ant-switch bg-app-theme"
              role="switch"
              type="button"
            >
              <div
                class="ant-switch-handle"
              />
              <span
                class="ant-switch-inner"
              >
                Off
              </span>
            </button>
          </div>
          <div
            class="ant-col ant-col-xs-12 ant-col-sm-12 ant-col-md-4"
            style="padding: 5px 8px 5px 8px;"
          >
            <span
              class="required"
            >
              Trigger limit
            </span>
          </div>
          <div
            class="ant-col ant-col-xs-12 ant-col-sm-12 ant-col-md-8"
            style="padding: 5px 8px 5px 8px;"
          >
            <input
              class="ant-input"
              maxlength="30"
              pattern="[+-]?\\\\d+(?:[.,]\\\\d+)?"
              placeholder="Enter trigger limit"
              type="number"
              value=""
            />
          </div>
          <div
            class="ant-col ant-col-xs-12 ant-col-sm-12 ant-col-md-4"
            style="padding: 5px 8px 5px 8px;"
          >
            Select include
          </div>
          <div
            class="ant-col ant-col-xs-12 ant-col-sm-12 ant-col-md-8"
            style="padding: 5px 8px 5px 8px;"
          >
            <div
              class="ant-select ant-select-single ant-select-show-arrow"
              style="min-width: 100%; max-width: 100%;"
            >
              <div
                class="ant-select-selector"
              >
                <span
                  class="ant-select-selection-search"
                >
                  <input
                    aria-activedescendant="rc_select_TEST_OR_SSR_list_0"
                    aria-autocomplete="list"
                    aria-controls="rc_select_TEST_OR_SSR_list"
                    aria-haspopup="listbox"
                    aria-owns="rc_select_TEST_OR_SSR_list"
                    autocomplete="off"
                    class="ant-select-selection-search-input"
                    id="rc_select_TEST_OR_SSR"
                    readonly=""
                    role="combobox"
                    style="opacity: 0;"
                    type="search"
                    unselectable="on"
                    value=""
                  />
                </span>
                <span
                  class="ant-select-selection-item"
                  title="Select include"
                >
                  Select include
                </span>
              </div>
              <span
                aria-hidden="true"
                class="ant-select-arrow"
                style="user-select: none;"
                unselectable="on"
              >
                <span
                  aria-label="down"
                  class="anticon anticon-down ant-select-suffix"
                  role="img"
                >
                  <svg
                    aria-hidden="true"
                    data-icon="down"
                    fill="currentColor"
                    focusable="false"
                    height="1em"
                    viewBox="64 64 896 896"
                    width="1em"
                  >
                    <path
                      d="M884 256h-75c-5.1 0-9.9 2.5-12.9 6.6L512 654.2 227.9 262.6c-3-4.1-7.8-6.6-12.9-6.6h-75c-6.5 0-10.3 7.4-6.5 12.7l352.6 486.1c12.8 17.6 39 17.6 51.7 0l352.6-486.1c3.9-5.3.1-12.7-6.4-12.7z"
                    />
                  </svg>
                </span>
              </span>
            </div>
          </div>
        </div>
        <div
          class="ant-row mt-4"
        >
          <div
            class="ant-col ant-col-4"
          >
            <span
              class="required"
            >
              Event text
            </span>
          </div>
        </div>
        <div
          class="ant-row mt-4"
        >
          <div
            class="ant-col ant-col-24"
          >
            <div
              class="ant-input-textarea ant-input-textarea-show-count"
              data-count="0"
            >
              <textarea
                class="ant-input"
                placeholder="Event text / content"
                style="resize: none; height: -40px; min-height: -16px; max-height: -40px;"
              />
            </div>
          </div>
        </div>
        <div
          class="ant-row ant-row-end pt-8"
        >
          <div
            class="ant-col"
          >
            <button
              class="button primary-button min-w-[120px]"
              data-testid="preview-event-button"
            >
              Preview
            </button>
          </div>
        </div>
      </div>
    </main>
  </section>
</DocumentFragment>
`;
