// Jest Snapshot v1, https://goo.gl/fbAQLP

exports[`Raven Create-Node-Test Suite Match Create Node Snapshot 1`] = `
<DocumentFragment>
  <div
    class="mx-auto m-6 raven-wrap wallet-wrapper shadow-md"
  >
    <h2
      class="text-lg raven-form-title font-semibold text-center py-1"
    >
      Create Node Form
    </h2>
    <div
      class="px-3 py-2 flex-col flex"
    >
      <div
        class="flex mb-3  gap-4"
      >
        <div
          class="input-label flex-1"
        >
          <h3
            class="text-lg rounded-md  bg-blue-400   text-white px-1 font-semibold py-1"
            data-testid="node_details_data"
          >
            Node Details
          </h3>
          <div
            class="py-3"
          >
            <span
              class="text-sm px-1 font-semibold"
            >
              Enter Node Name
              <span
                class="px-1"
              >
                :
              </span>
            </span>
            <div>
              <input
                class="ant-input w-full text-sm leading-6  rounded-md py-1  shadow-sm"
                data-testid="enter_node_name"
                placeholder="Enter Node Name"
                type="text"
                value=""
              />
            </div>
          </div>
        </div>
      </div>
      <div
        class="flex mb-3 gap-4"
      >
        <div
          class="input-label flex-1"
        >
          <h3
            class="text-lg rounded-md  bg-blue-400   text-white px-1 font-semibold py-1"
          >
            Node Type
          </h3>
          <div
            class="py-3"
          >
            <span
              class="text-sm px-1  font-semibold"
            >
              Select Node Type
              <span
                class="px-1"
              >
                :
              </span>
            </span>
            <div>
              <div
                class="ant-select w-full text-sm leading-6  rounded-md shadow-sm ant-select-single ant-select-show-arrow"
              >
                <div
                  class="ant-select-selector"
                >
                  <span
                    class="ant-select-selection-search"
                  >
                    <input
                      aria-activedescendant="rc_select_TEST_OR_SSR_list_0"
                      aria-autocomplete="list"
                      aria-controls="rc_select_TEST_OR_SSR_list"
                      aria-haspopup="listbox"
                      aria-owns="rc_select_TEST_OR_SSR_list"
                      autocomplete="off"
                      class="ant-select-selection-search-input"
                      id="rc_select_TEST_OR_SSR"
                      readonly=""
                      role="combobox"
                      style="opacity: 0;"
                      type="search"
                      unselectable="on"
                      value=""
                    />
                  </span>
                  <span
                    class="ant-select-selection-item"
                  >
                    Select Node Type
                  </span>
                </div>
                <span
                  aria-hidden="true"
                  class="ant-select-arrow"
                  style="user-select: none;"
                  unselectable="on"
                >
                  <span
                    aria-label="down"
                    class="anticon anticon-down ant-select-suffix"
                    role="img"
                  >
                    <svg
                      aria-hidden="true"
                      data-icon="down"
                      fill="currentColor"
                      focusable="false"
                      height="1em"
                      viewBox="64 64 896 896"
                      width="1em"
                    >
                      <path
                        d="M884 256h-75c-5.1 0-9.9 2.5-12.9 6.6L512 654.2 227.9 262.6c-3-4.1-7.8-6.6-12.9-6.6h-75c-6.5 0-10.3 7.4-6.5 12.7l352.6 486.1c12.8 17.6 39 17.6 51.7 0l352.6-486.1c3.9-5.3.1-12.7-6.4-12.7z"
                      />
                    </svg>
                  </span>
                </span>
              </div>
            </div>
          </div>
        </div>
      </div>
      <div
        class="flex justify-center items-center"
      >
        <button
          class="button primary-button "
          data-testid="node_Submit_button"
          disabled=""
        >
          Submit
        </button>
      </div>
    </div>
  </div>
</DocumentFragment>
`;
