// Jest Snapshot v1, https://goo.gl/fbAQLP

exports[`Spinner should display Spinner when loading is false 1`] = `
<DocumentFragment>
  <div
    class="container undefined"
  >
    <div
      class="center"
    >
      <div />
    </div>
  </div>
</DocumentFragment>
`;

exports[`Spinner should display Spinner when loading is true 1`] = `
<DocumentFragment>
  <div
    class="container undefined"
  >
    <div
      class="center"
    >
      <div />
    </div>
  </div>
</DocumentFragment>
`;
